../Core/Src/traffic_control.c:9:6:setAll	8	static
../Core/Src/traffic_control.c:19:6:clearAll	8	static
../Core/Src/traffic_control.c:29:6:setRed1	8	static
../Core/Src/traffic_control.c:35:6:setYellow1	8	static
../Core/Src/traffic_control.c:41:6:setGreen1	8	static
../Core/Src/traffic_control.c:47:6:setRed2	8	static
../Core/Src/traffic_control.c:53:6:setYellow2	8	static
../Core/Src/traffic_control.c:59:6:setGreen2	8	static
../Core/Src/traffic_control.c:65:6:blinkRed	8	static
../Core/Src/traffic_control.c:75:6:blinkYellow	8	static
../Core/Src/traffic_control.c:84:6:blinkGreen	8	static
